// Jest Snapshot v1, https://goo.gl/fbAQLP

exports[`UserStats should match the snapshot with a user 1`] = `ShallowWrapper {}`;
