// Jest Snapshot v1, https://goo.gl/fbAQLP

exports[`PlanetInfo should match the snapshot 1`] = `ShallowWrapper {}`;
