// Jest Snapshot v1, https://goo.gl/fbAQLP

exports[`Main Display should match the snapshot 1`] = `ShallowWrapper {}`;
