// Jest Snapshot v1, https://goo.gl/fbAQLP

exports[`App App Component should match snapshot 1`] = `ShallowWrapper {}`;
