// Jest Snapshot v1, https://goo.gl/fbAQLP

exports[`StatsForm should match the snapshot 1`] = `ShallowWrapper {}`;
