// Jest Snapshot v1, https://goo.gl/fbAQLP

exports[`PlanetCutout should match the snapshot 1`] = `ShallowWrapper {}`;
